 UGM_ConfigurationPotential_mex

 Timestamp is 504e43ba (Mon Sep 10 15:47:06 2012)

 Preferred load address is 0000000180000000

 Start         Length     Name                   Class
 0001:00000000 00001848H .text                   CODE
 0001:00001850 00000092H .text$x                 CODE
 0002:00000000 000001b8H .idata$5                DATA
 0002:000001b8 00000008H .CRT$XCA                DATA
 0002:000001c0 00000008H .CRT$XCZ                DATA
 0002:000001c8 00000008H .CRT$XIA                DATA
 0002:000001d0 00000008H .CRT$XIAA               DATA
 0002:000001d8 00000008H .CRT$XIZ                DATA
 0002:000001e0 0000006cH .rdata                  DATA
 0002:0000024c 00000081H .rdata$debug            DATA
 0002:000002d0 00000008H .rtc$IAA                DATA
 0002:000002d8 00000008H .rtc$IZZ                DATA
 0002:000002e0 00000008H .rtc$TAA                DATA
 0002:000002e8 00000008H .rtc$TZZ                DATA
 0002:000002f0 000001dcH .xdata                  DATA
 0002:000004cc 00000064H .idata$2                DATA
 0002:00000530 00000014H .idata$3                DATA
 0002:00000548 000001b8H .idata$4                DATA
 0002:00000700 0000041eH .idata$6                DATA
 0002:00000b20 000000e8H .edata                  DATA
 0003:00000000 00000918H .data                   DATA
 0003:00000920 000005b8H .bss                    DATA
 0004:00000000 000001e0H .pdata                  DATA

  Address         Publics by Value              Rva+Base               Lib:Object

 0000:00000000       ___safe_se_handler_table   0000000000000000     <absolute>
 0000:00000000       ___safe_se_handler_count   0000000000000000     <absolute>
 0000:00000000       __ImageBase                0000000180000000     <linker-defined>
 0001:00000000       UGM_ConfigurationPotential 0000000180001000 f   UGM_ConfigurationPotential.obj
 0001:00000370       UGM_ConfigurationPotential_initialize 0000000180001370 f   UGM_ConfigurationPotential_initialize.obj
 0001:000003a0       UGM_ConfigurationPotential_atexit 00000001800013a0 f   UGM_ConfigurationPotential_terminate.obj
 0001:000003c0       UGM_ConfigurationPotential_terminate 00000001800013c0 f   UGM_ConfigurationPotential_terminate.obj
 0001:000003e0       UGM_ConfigurationPotential_api 00000001800013e0 f   UGM_ConfigurationPotential_api.obj
 0001:00000c60       mexFunction                0000000180001c60 f   UGM_ConfigurationPotential_mex.obj
 0001:00000d98       mxCreateDoubleScalar       0000000180001d98 f   libmx:libmx.dll
 0001:00000d9e       mexAtExit                  0000000180001d9e f   libmex:libmex.dll
 0001:00000da4       mexErrMsgIdAndTxt          0000000180001da4 f   libmex:libmex.dll
 0001:00000daa       emlrtBreakCheck            0000000180001daa f   libemlrt:libemlrt.dll
 0001:00000db0       emlrtBoundsCheckR2011a     0000000180001db0 f   libemlrt:libemlrt.dll
 0001:00000db6       emlrtIntegerCheckR2011a    0000000180001db6 f   libemlrt:libemlrt.dll
 0001:00000dbc       emlrtDynamicBoundsCheckR2011a 0000000180001dbc f   libemlrt:libemlrt.dll
 0001:00000dc2       emlrtFirstTime             0000000180001dc2 f   libemlrt:libemlrt.dll
 0001:00000dc8       emlrtEnterRtStack          0000000180001dc8 f   libemlrt:libemlrt.dll
 0001:00000dce       emlrtExitTimeCleanup       0000000180001dce f   libemlrt:libemlrt.dll
 0001:00000dd4       emlrtLeaveRtStack          0000000180001dd4 f   libemlrt:libemlrt.dll
 0001:00000dda       emlrtAliasP                0000000180001dda f   libemlrt:libemlrt.dll
 0001:00000de0       emlrtDestroyArray          0000000180001de0 f   libemlrt:libemlrt.dll
 0001:00000de6       emlrtAlias                 0000000180001de6 f   libemlrt:libemlrt.dll
 0001:00000dec       emlrtAssign                0000000180001dec f   libemlrt:libemlrt.dll
 0001:00000df2       emlrtImportArrayR2008b     0000000180001df2 f   libemlrt:libemlrt.dll
 0001:00000df8       emlrtCheckVsBuiltInR2011a  0000000180001df8 f   libemlrt:libemlrt.dll
 0001:00000dfe       emlrtClearAllocCount       0000000180001dfe f   libemlrt:libemlrt.dll
 0001:00000e04       emlrtReturnArrayR2009a     0000000180001e04 f   libemlrt:libemlrt.dll
 0001:00000e0c       __GSHandlerCheckCommon     0000000180001e0c f   MSVCRT:gshandler.obj
 0001:00000e70       __GSHandlerCheck           0000000180001e70 f   MSVCRT:gshandler.obj
 0001:00000ea0       __security_check_cookie    0000000180001ea0 f   MSVCRT:amdsecgs.obj
 0001:00000ed0       __chkstk                   0000000180001ed0 f   MSVCRT:chkstk.obj
 0001:00000ed0       _alloca_probe              0000000180001ed0     MSVCRT:chkstk.obj
 0001:00000f20       NtCurrentTeb               0000000180001f20 f i MSVCRT:crtdll.obj
 0001:00000f8c       _CRT_INIT                  0000000180001f8c f   MSVCRT:crtdll.obj
 0001:00001324       _DllMainCRTStartup         0000000180002324 f   MSVCRT:crtdll.obj
 0001:00001364       __report_gsfailure         0000000180002364 f   MSVCRT:gs_report.obj
 0001:000014b0       __clean_type_info_names    00000001800024b0 f   MSVCRT:tncleanup.obj
 0001:000014bc       _onexit                    00000001800024bc f   MSVCRT:atonexit.obj
 0001:0000156c       atexit                     000000018000256c f   MSVCRT:atonexit.obj
 0001:00001584       _RTC_Initialize            0000000180002584 f   MSVCRT:_initsect_.obj
 0001:000015bc       _RTC_Terminate             00000001800025bc f   MSVCRT:_initsect_.obj
 0001:000015f4       _malloc_crt                00000001800025f4 f   MSVCRT:MSVCR100.dll
 0001:00001600       _ValidateImageBase         0000000180002600 f   MSVCRT:pesect.obj
 0001:00001630       _FindPESection             0000000180002630 f   MSVCRT:pesect.obj
 0001:00001680       _IsNonwritableInCurrentImage 0000000180002680 f   MSVCRT:pesect.obj
 0001:000016c2       _initterm                  00000001800026c2 f   MSVCRT:MSVCR100.dll
 0001:000016c8       _initterm_e                00000001800026c8 f   MSVCRT:MSVCR100.dll
 0001:000016ce       free                       00000001800026ce f   MSVCRT:MSVCR100.dll
 0001:000016d4       _encoded_null              00000001800026d4 f   MSVCRT:MSVCR100.dll
 0001:000016da       _amsg_exit                 00000001800026da f   MSVCRT:MSVCR100.dll
 0001:000016e0       __C_specific_handler       00000001800026e0 f   MSVCRT:MSVCR100.dll
 0001:000016e6       __CppXcptFilter            00000001800026e6 f   MSVCRT:MSVCR100.dll
 0001:000016ec       DllMain                    00000001800026ec f   MSVCRT:dllmain.obj
 0001:00001710       __security_init_cookie     0000000180002710 f   MSVCRT:gs_support.obj
 0001:000017c4       __crt_debugger_hook        00000001800027c4 f   MSVCRT:MSVCR100.dll
 0001:000017ca       __clean_type_info_names_internal 00000001800027ca f   MSVCRT:MSVCR100.dll
 0001:000017d0       _unlock                    00000001800027d0 f   MSVCRT:MSVCR100.dll
 0001:000017d6       __dllonexit                00000001800027d6 f   MSVCRT:MSVCR100.dll
 0001:000017dc       _lock                      00000001800027dc f   MSVCRT:MSVCR100.dll
 0001:000017e2       EncodePointer              00000001800027e2 f   kernel32:KERNEL32.dll
 0001:000017e8       DecodePointer              00000001800027e8 f   kernel32:KERNEL32.dll
 0001:000017ee       Sleep                      00000001800027ee f   kernel32:KERNEL32.dll
 0001:000017f4       TerminateProcess           00000001800027f4 f   kernel32:KERNEL32.dll
 0001:000017fa       GetCurrentProcess          00000001800027fa f   kernel32:KERNEL32.dll
 0001:00001800       UnhandledExceptionFilter   0000000180002800 f   kernel32:KERNEL32.dll
 0001:00001806       SetUnhandledExceptionFilter 0000000180002806 f   kernel32:KERNEL32.dll
 0001:0000180c       IsDebuggerPresent          000000018000280c f   kernel32:KERNEL32.dll
 0001:00001812       RtlVirtualUnwind           0000000180002812 f   kernel32:KERNEL32.dll
 0001:00001818       RtlLookupFunctionEntry     0000000180002818 f   kernel32:KERNEL32.dll
 0001:0000181e       RtlCaptureContext          000000018000281e f   kernel32:KERNEL32.dll
 0001:00001824       DisableThreadLibraryCalls  0000000180002824 f   kernel32:KERNEL32.dll
 0001:0000182a       QueryPerformanceCounter    000000018000282a f   kernel32:KERNEL32.dll
 0001:00001830       GetTickCount               0000000180002830 f   kernel32:KERNEL32.dll
 0001:00001836       GetCurrentThreadId         0000000180002836 f   kernel32:KERNEL32.dll
 0001:0000183c       GetCurrentProcessId        000000018000283c f   kernel32:KERNEL32.dll
 0001:00001842       GetSystemTimeAsFileTime    0000000180002842 f   kernel32:KERNEL32.dll
 0002:00000000       __imp_GetSystemTimeAsFileTime 0000000180003000     kernel32:KERNEL32.dll
 0002:00000008       __imp_GetCurrentProcessId  0000000180003008     kernel32:KERNEL32.dll
 0002:00000010       __imp_GetCurrentThreadId   0000000180003010     kernel32:KERNEL32.dll
 0002:00000018       __imp_GetTickCount         0000000180003018     kernel32:KERNEL32.dll
 0002:00000020       __imp_QueryPerformanceCounter 0000000180003020     kernel32:KERNEL32.dll
 0002:00000028       __imp_DisableThreadLibraryCalls 0000000180003028     kernel32:KERNEL32.dll
 0002:00000030       __imp_RtlCaptureContext    0000000180003030     kernel32:KERNEL32.dll
 0002:00000038       __imp_RtlLookupFunctionEntry 0000000180003038     kernel32:KERNEL32.dll
 0002:00000040       __imp_RtlVirtualUnwind     0000000180003040     kernel32:KERNEL32.dll
 0002:00000048       __imp_IsDebuggerPresent    0000000180003048     kernel32:KERNEL32.dll
 0002:00000050       __imp_SetUnhandledExceptionFilter 0000000180003050     kernel32:KERNEL32.dll
 0002:00000058       __imp_UnhandledExceptionFilter 0000000180003058     kernel32:KERNEL32.dll
 0002:00000060       __imp_GetCurrentProcess    0000000180003060     kernel32:KERNEL32.dll
 0002:00000068       __imp_TerminateProcess     0000000180003068     kernel32:KERNEL32.dll
 0002:00000070       __imp_Sleep                0000000180003070     kernel32:KERNEL32.dll
 0002:00000078       __imp_DecodePointer        0000000180003078     kernel32:KERNEL32.dll
 0002:00000080       __imp_EncodePointer        0000000180003080     kernel32:KERNEL32.dll
 0002:00000088       \177KERNEL32_NULL_THUNK_DATA 0000000180003088     kernel32:KERNEL32.dll
 0002:00000090       __imp__onexit              0000000180003090     MSVCRT:MSVCR100.dll
 0002:00000098       __imp__lock                0000000180003098     MSVCRT:MSVCR100.dll
 0002:000000a0       __imp___dllonexit          00000001800030a0     MSVCRT:MSVCR100.dll
 0002:000000a8       __imp__malloc_crt          00000001800030a8     MSVCRT:MSVCR100.dll
 0002:000000b0       __imp__initterm            00000001800030b0     MSVCRT:MSVCR100.dll
 0002:000000b8       __imp__initterm_e          00000001800030b8     MSVCRT:MSVCR100.dll
 0002:000000c0       __imp_free                 00000001800030c0     MSVCRT:MSVCR100.dll
 0002:000000c8       __imp__encoded_null        00000001800030c8     MSVCRT:MSVCR100.dll
 0002:000000d0       __imp__amsg_exit           00000001800030d0     MSVCRT:MSVCR100.dll
 0002:000000d8       __imp___C_specific_handler 00000001800030d8     MSVCRT:MSVCR100.dll
 0002:000000e0       __imp___CppXcptFilter      00000001800030e0     MSVCRT:MSVCR100.dll
 0002:000000e8       __imp___crt_debugger_hook  00000001800030e8     MSVCRT:MSVCR100.dll
 0002:000000f0       __imp___clean_type_info_names_internal 00000001800030f0     MSVCRT:MSVCR100.dll
 0002:000000f8       __imp__unlock              00000001800030f8     MSVCRT:MSVCR100.dll
 0002:00000100       \177MSVCR100_NULL_THUNK_DATA 0000000180003100     MSVCRT:MSVCR100.dll
 0002:00000108       __imp_emlrtReturnArrayR2009a 0000000180003108     libemlrt:libemlrt.dll
 0002:00000110       __imp_emlrtClearAllocCount 0000000180003110     libemlrt:libemlrt.dll
 0002:00000118       __imp_emlrtCheckVsBuiltInR2011a 0000000180003118     libemlrt:libemlrt.dll
 0002:00000120       __imp_emlrtImportArrayR2008b 0000000180003120     libemlrt:libemlrt.dll
 0002:00000128       __imp_emlrtAssign          0000000180003128     libemlrt:libemlrt.dll
 0002:00000130       __imp_emlrtAlias           0000000180003130     libemlrt:libemlrt.dll
 0002:00000138       __imp_emlrtDestroyArray    0000000180003138     libemlrt:libemlrt.dll
 0002:00000140       __imp_emlrtAliasP          0000000180003140     libemlrt:libemlrt.dll
 0002:00000148       __imp_emlrtLeaveRtStack    0000000180003148     libemlrt:libemlrt.dll
 0002:00000150       __imp_emlrtExitTimeCleanup 0000000180003150     libemlrt:libemlrt.dll
 0002:00000158       __imp_emlrtEnterRtStack    0000000180003158     libemlrt:libemlrt.dll
 0002:00000160       __imp_emlrtFirstTime       0000000180003160     libemlrt:libemlrt.dll
 0002:00000168       __imp_emlrtDynamicBoundsCheckR2011a 0000000180003168     libemlrt:libemlrt.dll
 0002:00000170       __imp_emlrtIntegerCheckR2011a 0000000180003170     libemlrt:libemlrt.dll
 0002:00000178       __imp_emlrtBoundsCheckR2011a 0000000180003178     libemlrt:libemlrt.dll
 0002:00000180       __imp_emlrtBreakCheck      0000000180003180     libemlrt:libemlrt.dll
 0002:00000188       \177libemlrt_NULL_THUNK_DATA 0000000180003188     libemlrt:libemlrt.dll
 0002:00000190       __imp_mexErrMsgIdAndTxt    0000000180003190     libmex:libmex.dll
 0002:00000198       __imp_mexAtExit            0000000180003198     libmex:libmex.dll
 0002:000001a0       \177libmex_NULL_THUNK_DATA 00000001800031a0     libmex:libmex.dll
 0002:000001a8       __imp_mxCreateDoubleScalar 00000001800031a8     libmx:libmx.dll
 0002:000001b0       \177libmx_NULL_THUNK_DATA  00000001800031b0     libmx:libmx.dll
 0002:000001b8       __xc_a                     00000001800031b8     MSVCRT:cinitexe.obj
 0002:000001c0       __xc_z                     00000001800031c0     MSVCRT:cinitexe.obj
 0002:000001c8       __xi_a                     00000001800031c8     MSVCRT:cinitexe.obj
 0002:000001d8       __xi_z                     00000001800031d8     MSVCRT:cinitexe.obj
 0002:00000200       __real@3ff0000000000000    0000000180003200     UGM_ConfigurationPotential.obj
 0002:00000220       _pDefaultRawDllMain        0000000180003220     MSVCRT:crtdll.obj
 0002:00000220       _pRawDllMain               0000000180003220     MSVCRT:crtdll.obj
 0002:00000238       ?ProcessDetach@NativeDll@<CrtImplementationDetails>@@0IB 0000000180003238     MSVCRT:tncleanup.obj
 0002:0000023c       ?ProcessAttach@NativeDll@<CrtImplementationDetails>@@0IB 000000018000323c     MSVCRT:tncleanup.obj
 0002:00000240       ?ThreadAttach@NativeDll@<CrtImplementationDetails>@@0IB 0000000180003240     MSVCRT:tncleanup.obj
 0002:00000244       ?ThreadDetach@NativeDll@<CrtImplementationDetails>@@0IB 0000000180003244     MSVCRT:tncleanup.obj
 0002:00000248       ?ProcessVerifier@NativeDll@<CrtImplementationDetails>@@0IB 0000000180003248     MSVCRT:tncleanup.obj
 0002:000002d0       __rtc_iaa                  00000001800032d0     MSVCRT:_initsect_.obj
 0002:000002d8       __rtc_izz                  00000001800032d8     MSVCRT:_initsect_.obj
 0002:000002e0       __rtc_taa                  00000001800032e0     MSVCRT:_initsect_.obj
 0002:000002e8       __rtc_tzz                  00000001800032e8     MSVCRT:_initsect_.obj
 0002:000004cc       __IMPORT_DESCRIPTOR_libmx  00000001800034cc     libmx:libmx.dll
 0002:000004e0       __IMPORT_DESCRIPTOR_libmex 00000001800034e0     libmex:libmex.dll
 0002:000004f4       __IMPORT_DESCRIPTOR_libemlrt 00000001800034f4     libemlrt:libemlrt.dll
 0002:00000508       __IMPORT_DESCRIPTOR_MSVCR100 0000000180003508     MSVCRT:MSVCR100.dll
 0002:0000051c       __IMPORT_DESCRIPTOR_KERNEL32 000000018000351c     kernel32:KERNEL32.dll
 0002:00000530       __NULL_IMPORT_DESCRIPTOR   0000000180003530     libmx:libmx.dll
 0003:000007d0       emlrtContextGlobal         00000001800047d0     UGM_ConfigurationPotential_mex.obj
 0003:000008f0       _fltused                   00000001800048f0     MSVCRT:dllsupp.obj
 0003:000008f8       __security_cookie          00000001800048f8     MSVCRT:gs_cookie.obj
 0003:00000900       __security_cookie_complement 0000000180004900     MSVCRT:gs_cookie.obj
 0003:00000910       __native_dllmain_reason    0000000180004910     MSVCRT:natstart.obj
 0003:00000914       __native_vcclrit_reason    0000000180004914     MSVCRT:natstart.obj
 0003:00000ea0       ?__type_info_root_node@@3U__type_info_node@@A 0000000180004ea0     MSVCRT:tncleanup.obj
 0003:00000eb0       __native_startup_state     0000000180004eb0     <common>
 0003:00000eb8       __native_startup_lock      0000000180004eb8     <common>
 0003:00000ec0       __onexitend                0000000180004ec0     <common>
 0003:00000ec8       __onexitbegin              0000000180004ec8     <common>
 0003:00000ed0       __dyn_tls_init_callback    0000000180004ed0     <common>

 entry point at        0001:00001324

 Static symbols

 0001:00000550       c_emlrt_marshallIn         0000000180001550 f   UGM_ConfigurationPotential_api.obj
 0001:000005c0       d_emlrt_marshallIn         00000001800015c0 f   UGM_ConfigurationPotential_api.obj
 0001:00000610       e_emlrt_marshallIn         0000000180001610 f   UGM_ConfigurationPotential_api.obj
 0001:00000680       emlrt_marshallIn           0000000180001680 f   UGM_ConfigurationPotential_api.obj
 0001:000006f0       b_emlrt_marshallIn         00000001800016f0 f   UGM_ConfigurationPotential_api.obj
 0001:00000740       emlrt_marshallOut          0000000180001740 f   UGM_ConfigurationPotential_api.obj
 0001:00000790       f_emlrt_marshallIn         0000000180001790 f   UGM_ConfigurationPotential_api.obj
 0001:000007e0       g_emlrt_marshallIn         00000001800017e0 f   UGM_ConfigurationPotential_api.obj
 0001:00000850       h_emlrt_marshallIn         0000000180001850 f   UGM_ConfigurationPotential_api.obj
 0001:000008a0       i_emlrt_marshallIn         00000001800018a0 f   UGM_ConfigurationPotential_api.obj
 0001:00000980       j_emlrt_marshallIn         0000000180001980 f   UGM_ConfigurationPotential_api.obj
 0001:00000a60       k_emlrt_marshallIn         0000000180001a60 f   UGM_ConfigurationPotential_api.obj
 0001:00000b80       l_emlrt_marshallIn         0000000180001b80 f   UGM_ConfigurationPotential_api.obj
 0001:00000cc0       UGM_ConfigurationPotential_mexFunction 0000000180001cc0 f   UGM_ConfigurationPotential_mex.obj
 0001:00000f2c       pre_c_init                 0000000180001f2c f   MSVCRT:crtdll.obj
 0001:000011e8       __DllMainCRTStartup        00000001800021e8 f   MSVCRT:crtdll.obj
 0001:00001850       __DllMainCRTStartup$filt$0 0000000180002850 f   MSVCRT:crtdll.obj
 0001:00001880       __DllMainCRTStartup$fin$1  0000000180002880 f   MSVCRT:crtdll.obj
 0001:0000189a       _onexit$fin$0              000000018000289a f   MSVCRT:atonexit.obj
 0001:000018c0       _IsNonwritableInCurrentImage$filt$0 00000001800028c0 f   MSVCRT:pesect.obj
