 matdiff_mex

 Timestamp is 504d57e8 (Sun Sep 09 23:00:56 2012)

 Preferred load address is 0000000180000000

 Start         Length     Name                   Class
 0001:00000000 00003cf8H .text                   CODE
 0001:00003d00 00000092H .text$x                 CODE
 0002:00000000 00000208H .idata$5                DATA
 0002:00000208 00000008H .CRT$XCA                DATA
 0002:00000210 00000008H .CRT$XCZ                DATA
 0002:00000218 00000008H .CRT$XIA                DATA
 0002:00000220 00000008H .CRT$XIAA               DATA
 0002:00000228 00000008H .CRT$XIZ                DATA
 0002:00000230 000000b4H .rdata                  DATA
 0002:000002e4 00000082H .rdata$debug            DATA
 0002:00000368 00000008H .rtc$IAA                DATA
 0002:00000370 00000008H .rtc$IZZ                DATA
 0002:00000378 00000008H .rtc$TAA                DATA
 0002:00000380 00000008H .rtc$TZZ                DATA
 0002:00000388 000001e0H .xdata                  DATA
 0002:00000568 00000078H .idata$2                DATA
 0002:000005e0 00000014H .idata$3                DATA
 0002:000005f8 00000208H .idata$4                DATA
 0002:00000800 000004d4H .idata$6                DATA
 0002:00000ce0 0000009cH .edata                  DATA
 0003:00000000 00002698H .data                   DATA
 0003:000026a0 000005e0H .bss                    DATA
 0004:00000000 000001ecH .pdata                  DATA

  Address         Publics by Value              Rva+Base               Lib:Object

 0000:00000000       ___safe_se_handler_count   0000000000000000     <absolute>
 0000:00000000       ___safe_se_handler_table   0000000000000000     <absolute>
 0000:00000000       __ImageBase                0000000180000000     <linker-defined>
 0001:00000000       error                      0000000180001000 f   matdiff_mexutil.obj
 0001:00000050       matdiff                    0000000180001050 f   matdiff.obj
 0001:00000a00       length                     0000000180001a00 f   length.obj
 0001:00000a50       find                       0000000180001a50 f   find.obj
 0001:00000e80       intersect                  0000000180001e80 f   intersect.obj
 0001:00002bc0       matdiff_initialize         0000000180003bc0 f   matdiff_initialize.obj
 0001:00002bf0       matdiff_atexit             0000000180003bf0 f   matdiff_terminate.obj
 0001:00002c10       matdiff_terminate          0000000180003c10 f   matdiff_terminate.obj
 0001:00002c30       matdiff_api                0000000180003c30 f   matdiff_api.obj
 0001:00003110       mexFunction                0000000180004110 f   matdiff_mex.obj
 0001:0000326c       mxCreateString             000000018000426c f   libmx:libmx.dll
 0001:00003272       mxCreateCharArray_700      0000000180004272 f   libmx:libmx.dll
 0001:00003278       mxGetPr                    0000000180004278 f   libmx:libmx.dll
 0001:0000327e       mxCreateNumericArray_700   000000018000427e f   libmx:libmx.dll
 0001:00003284       mxFree                     0000000180004284 f   libmx:libmx.dll
 0001:0000328a       mxCalloc                   000000018000428a f   libmx:libmx.dll
 0001:00003290       mexAtExit                  0000000180004290 f   libmex:libmex.dll
 0001:00003296       mexErrMsgIdAndTxt          0000000180004296 f   libmex:libmex.dll
 0001:0000329c       emlrtCallMATLAB            000000018000429c f   libemlrt:libemlrt.dll
 0001:000032a2       emlrtBreakCheck            00000001800042a2 f   libemlrt:libemlrt.dll
 0001:000032a8       emlrtPopRtStack            00000001800042a8 f   libemlrt:libemlrt.dll
 0001:000032ae       emlrtPushRtStack           00000001800042ae f   libemlrt:libemlrt.dll
 0001:000032b4       emlrtDynamicBoundsCheckR2011a 00000001800042b4 f   libemlrt:libemlrt.dll
 0001:000032ba       emlrtVectorVectorIndexCheckR2011a 00000001800042ba f   libemlrt:libemlrt.dll
 0001:000032c0       emlrtAssign                00000001800042c0 f   libemlrt:libemlrt.dll
 0001:000032c6       emlrtInitCharArray         00000001800042c6 f   libemlrt:libemlrt.dll
 0001:000032cc       emlrtFirstTime             00000001800042cc f   libemlrt:libemlrt.dll
 0001:000032d2       emlrtEnterRtStack          00000001800042d2 f   libemlrt:libemlrt.dll
 0001:000032d8       emlrtExitTimeCleanup       00000001800042d8 f   libemlrt:libemlrt.dll
 0001:000032de       emlrtLeaveRtStack          00000001800042de f   libemlrt:libemlrt.dll
 0001:000032e4       emlrtAliasP                00000001800042e4 f   libemlrt:libemlrt.dll
 0001:000032ea       emlrtDestroyArray          00000001800042ea f   libemlrt:libemlrt.dll
 0001:000032f0       emlrtAlias                 00000001800042f0 f   libemlrt:libemlrt.dll
 0001:000032f6       emlrtImportArrayR2008b     00000001800042f6 f   libemlrt:libemlrt.dll
 0001:000032fc       emlrtCheckVsBuiltInR2011a  00000001800042fc f   libemlrt:libemlrt.dll
 0001:00003302       emlrtClearAllocCount       0000000180004302 f   libemlrt:libemlrt.dll
 0001:00003308       emlrtReturnArrayR2009a     0000000180004308 f   libemlrt:libemlrt.dll
 0001:0000330e       muIntScalarMin_sint32      000000018000430e f   libmwmathutil:libmwmathutil.dll
 0001:00003314       __GSHandlerCheckCommon     0000000180004314 f   MSVCRT:gshandler.obj
 0001:00003378       __GSHandlerCheck           0000000180004378 f   MSVCRT:gshandler.obj
 0001:000033b0       __security_check_cookie    00000001800043b0 f   MSVCRT:amdsecgs.obj
 0001:000033d0       NtCurrentTeb               00000001800043d0 f i MSVCRT:crtdll.obj
 0001:0000343c       _CRT_INIT                  000000018000443c f   MSVCRT:crtdll.obj
 0001:000037d4       _DllMainCRTStartup         00000001800047d4 f   MSVCRT:crtdll.obj
 0001:00003814       __report_gsfailure         0000000180004814 f   MSVCRT:gs_report.obj
 0001:00003960       __clean_type_info_names    0000000180004960 f   MSVCRT:tncleanup.obj
 0001:0000396c       _onexit                    000000018000496c f   MSVCRT:atonexit.obj
 0001:00003a1c       atexit                     0000000180004a1c f   MSVCRT:atonexit.obj
 0001:00003a34       _RTC_Initialize            0000000180004a34 f   MSVCRT:_initsect_.obj
 0001:00003a6c       _RTC_Terminate             0000000180004a6c f   MSVCRT:_initsect_.obj
 0001:00003aa4       _malloc_crt                0000000180004aa4 f   MSVCRT:MSVCR100.dll
 0001:00003ab0       _ValidateImageBase         0000000180004ab0 f   MSVCRT:pesect.obj
 0001:00003ae0       _FindPESection             0000000180004ae0 f   MSVCRT:pesect.obj
 0001:00003b30       _IsNonwritableInCurrentImage 0000000180004b30 f   MSVCRT:pesect.obj
 0001:00003b72       _initterm                  0000000180004b72 f   MSVCRT:MSVCR100.dll
 0001:00003b78       _initterm_e                0000000180004b78 f   MSVCRT:MSVCR100.dll
 0001:00003b7e       free                       0000000180004b7e f   MSVCRT:MSVCR100.dll
 0001:00003b84       _encoded_null              0000000180004b84 f   MSVCRT:MSVCR100.dll
 0001:00003b8a       _amsg_exit                 0000000180004b8a f   MSVCRT:MSVCR100.dll
 0001:00003b90       __C_specific_handler       0000000180004b90 f   MSVCRT:MSVCR100.dll
 0001:00003b96       __CppXcptFilter            0000000180004b96 f   MSVCRT:MSVCR100.dll
 0001:00003b9c       DllMain                    0000000180004b9c f   MSVCRT:dllmain.obj
 0001:00003bc0       __security_init_cookie     0000000180004bc0 f   MSVCRT:gs_support.obj
 0001:00003c74       __crt_debugger_hook        0000000180004c74 f   MSVCRT:MSVCR100.dll
 0001:00003c7a       __clean_type_info_names_internal 0000000180004c7a f   MSVCRT:MSVCR100.dll
 0001:00003c80       _unlock                    0000000180004c80 f   MSVCRT:MSVCR100.dll
 0001:00003c86       __dllonexit                0000000180004c86 f   MSVCRT:MSVCR100.dll
 0001:00003c8c       _lock                      0000000180004c8c f   MSVCRT:MSVCR100.dll
 0001:00003c92       EncodePointer              0000000180004c92 f   kernel32:KERNEL32.dll
 0001:00003c98       DecodePointer              0000000180004c98 f   kernel32:KERNEL32.dll
 0001:00003c9e       Sleep                      0000000180004c9e f   kernel32:KERNEL32.dll
 0001:00003ca4       TerminateProcess           0000000180004ca4 f   kernel32:KERNEL32.dll
 0001:00003caa       GetCurrentProcess          0000000180004caa f   kernel32:KERNEL32.dll
 0001:00003cb0       UnhandledExceptionFilter   0000000180004cb0 f   kernel32:KERNEL32.dll
 0001:00003cb6       SetUnhandledExceptionFilter 0000000180004cb6 f   kernel32:KERNEL32.dll
 0001:00003cbc       IsDebuggerPresent          0000000180004cbc f   kernel32:KERNEL32.dll
 0001:00003cc2       RtlVirtualUnwind           0000000180004cc2 f   kernel32:KERNEL32.dll
 0001:00003cc8       RtlLookupFunctionEntry     0000000180004cc8 f   kernel32:KERNEL32.dll
 0001:00003cce       RtlCaptureContext          0000000180004cce f   kernel32:KERNEL32.dll
 0001:00003cd4       DisableThreadLibraryCalls  0000000180004cd4 f   kernel32:KERNEL32.dll
 0001:00003cda       QueryPerformanceCounter    0000000180004cda f   kernel32:KERNEL32.dll
 0001:00003ce0       GetTickCount               0000000180004ce0 f   kernel32:KERNEL32.dll
 0001:00003ce6       GetCurrentThreadId         0000000180004ce6 f   kernel32:KERNEL32.dll
 0001:00003cec       GetCurrentProcessId        0000000180004cec f   kernel32:KERNEL32.dll
 0001:00003cf2       GetSystemTimeAsFileTime    0000000180004cf2 f   kernel32:KERNEL32.dll
 0002:00000000       __imp_GetSystemTimeAsFileTime 0000000180005000     kernel32:KERNEL32.dll
 0002:00000008       __imp_GetCurrentProcessId  0000000180005008     kernel32:KERNEL32.dll
 0002:00000010       __imp_GetCurrentThreadId   0000000180005010     kernel32:KERNEL32.dll
 0002:00000018       __imp_GetTickCount         0000000180005018     kernel32:KERNEL32.dll
 0002:00000020       __imp_QueryPerformanceCounter 0000000180005020     kernel32:KERNEL32.dll
 0002:00000028       __imp_DisableThreadLibraryCalls 0000000180005028     kernel32:KERNEL32.dll
 0002:00000030       __imp_RtlCaptureContext    0000000180005030     kernel32:KERNEL32.dll
 0002:00000038       __imp_RtlLookupFunctionEntry 0000000180005038     kernel32:KERNEL32.dll
 0002:00000040       __imp_RtlVirtualUnwind     0000000180005040     kernel32:KERNEL32.dll
 0002:00000048       __imp_IsDebuggerPresent    0000000180005048     kernel32:KERNEL32.dll
 0002:00000050       __imp_SetUnhandledExceptionFilter 0000000180005050     kernel32:KERNEL32.dll
 0002:00000058       __imp_UnhandledExceptionFilter 0000000180005058     kernel32:KERNEL32.dll
 0002:00000060       __imp_GetCurrentProcess    0000000180005060     kernel32:KERNEL32.dll
 0002:00000068       __imp_TerminateProcess     0000000180005068     kernel32:KERNEL32.dll
 0002:00000070       __imp_Sleep                0000000180005070     kernel32:KERNEL32.dll
 0002:00000078       __imp_DecodePointer        0000000180005078     kernel32:KERNEL32.dll
 0002:00000080       __imp_EncodePointer        0000000180005080     kernel32:KERNEL32.dll
 0002:00000088       \177KERNEL32_NULL_THUNK_DATA 0000000180005088     kernel32:KERNEL32.dll
 0002:00000090       __imp__onexit              0000000180005090     MSVCRT:MSVCR100.dll
 0002:00000098       __imp__lock                0000000180005098     MSVCRT:MSVCR100.dll
 0002:000000a0       __imp___dllonexit          00000001800050a0     MSVCRT:MSVCR100.dll
 0002:000000a8       __imp__unlock              00000001800050a8     MSVCRT:MSVCR100.dll
 0002:000000b0       __imp___clean_type_info_names_internal 00000001800050b0     MSVCRT:MSVCR100.dll
 0002:000000b8       __imp___crt_debugger_hook  00000001800050b8     MSVCRT:MSVCR100.dll
 0002:000000c0       __imp___CppXcptFilter      00000001800050c0     MSVCRT:MSVCR100.dll
 0002:000000c8       __imp___C_specific_handler 00000001800050c8     MSVCRT:MSVCR100.dll
 0002:000000d0       __imp__amsg_exit           00000001800050d0     MSVCRT:MSVCR100.dll
 0002:000000d8       __imp__encoded_null        00000001800050d8     MSVCRT:MSVCR100.dll
 0002:000000e0       __imp_free                 00000001800050e0     MSVCRT:MSVCR100.dll
 0002:000000e8       __imp__initterm_e          00000001800050e8     MSVCRT:MSVCR100.dll
 0002:000000f0       __imp__initterm            00000001800050f0     MSVCRT:MSVCR100.dll
 0002:000000f8       __imp__malloc_crt          00000001800050f8     MSVCRT:MSVCR100.dll
 0002:00000100       \177MSVCR100_NULL_THUNK_DATA 0000000180005100     MSVCRT:MSVCR100.dll
 0002:00000108       __imp_emlrtVectorVectorIndexCheckR2011a 0000000180005108     libemlrt:libemlrt.dll
 0002:00000110       __imp_emlrtCallMATLAB      0000000180005110     libemlrt:libemlrt.dll
 0002:00000118       __imp_emlrtReturnArrayR2009a 0000000180005118     libemlrt:libemlrt.dll
 0002:00000120       __imp_emlrtClearAllocCount 0000000180005120     libemlrt:libemlrt.dll
 0002:00000128       __imp_emlrtCheckVsBuiltInR2011a 0000000180005128     libemlrt:libemlrt.dll
 0002:00000130       __imp_emlrtImportArrayR2008b 0000000180005130     libemlrt:libemlrt.dll
 0002:00000138       __imp_emlrtAlias           0000000180005138     libemlrt:libemlrt.dll
 0002:00000140       __imp_emlrtDestroyArray    0000000180005140     libemlrt:libemlrt.dll
 0002:00000148       __imp_emlrtAliasP          0000000180005148     libemlrt:libemlrt.dll
 0002:00000150       __imp_emlrtLeaveRtStack    0000000180005150     libemlrt:libemlrt.dll
 0002:00000158       __imp_emlrtExitTimeCleanup 0000000180005158     libemlrt:libemlrt.dll
 0002:00000160       __imp_emlrtEnterRtStack    0000000180005160     libemlrt:libemlrt.dll
 0002:00000168       __imp_emlrtFirstTime       0000000180005168     libemlrt:libemlrt.dll
 0002:00000170       __imp_emlrtInitCharArray   0000000180005170     libemlrt:libemlrt.dll
 0002:00000178       __imp_emlrtAssign          0000000180005178     libemlrt:libemlrt.dll
 0002:00000180       __imp_emlrtBreakCheck      0000000180005180     libemlrt:libemlrt.dll
 0002:00000188       __imp_emlrtDynamicBoundsCheckR2011a 0000000180005188     libemlrt:libemlrt.dll
 0002:00000190       __imp_emlrtPushRtStack     0000000180005190     libemlrt:libemlrt.dll
 0002:00000198       __imp_emlrtPopRtStack      0000000180005198     libemlrt:libemlrt.dll
 0002:000001a0       \177libemlrt_NULL_THUNK_DATA 00000001800051a0     libemlrt:libemlrt.dll
 0002:000001a8       __imp_mexErrMsgIdAndTxt    00000001800051a8     libmex:libmex.dll
 0002:000001b0       __imp_mexAtExit            00000001800051b0     libmex:libmex.dll
 0002:000001b8       \177libmex_NULL_THUNK_DATA 00000001800051b8     libmex:libmex.dll
 0002:000001c0       __imp_muIntScalarMin_sint32 00000001800051c0     libmwmathutil:libmwmathutil.dll
 0002:000001c8       \177libmwmathutil_NULL_THUNK_DATA 00000001800051c8     libmwmathutil:libmwmathutil.dll
 0002:000001d0       __imp_mxCalloc             00000001800051d0     libmx:libmx.dll
 0002:000001d8       __imp_mxFree               00000001800051d8     libmx:libmx.dll
 0002:000001e0       __imp_mxCreateNumericArray_700 00000001800051e0     libmx:libmx.dll
 0002:000001e8       __imp_mxGetPr              00000001800051e8     libmx:libmx.dll
 0002:000001f0       __imp_mxCreateCharArray_700 00000001800051f0     libmx:libmx.dll
 0002:000001f8       __imp_mxCreateString       00000001800051f8     libmx:libmx.dll
 0002:00000200       \177libmx_NULL_THUNK_DATA  0000000180005200     libmx:libmx.dll
 0002:00000208       __xc_a                     0000000180005208     MSVCRT:cinitexe.obj
 0002:00000210       __xc_z                     0000000180005210     MSVCRT:cinitexe.obj
 0002:00000218       __xi_a                     0000000180005218     MSVCRT:cinitexe.obj
 0002:00000228       __xi_z                     0000000180005228     MSVCRT:cinitexe.obj
 0002:000002b0       __real@3ff0000000000000    00000001800052b0     intersect.obj
 0002:000002b8       _pDefaultRawDllMain        00000001800052b8     MSVCRT:crtdll.obj
 0002:000002b8       _pRawDllMain               00000001800052b8     MSVCRT:crtdll.obj
 0002:000002d0       ?ProcessDetach@NativeDll@<CrtImplementationDetails>@@0IB 00000001800052d0     MSVCRT:tncleanup.obj
 0002:000002d4       ?ProcessAttach@NativeDll@<CrtImplementationDetails>@@0IB 00000001800052d4     MSVCRT:tncleanup.obj
 0002:000002d8       ?ThreadAttach@NativeDll@<CrtImplementationDetails>@@0IB 00000001800052d8     MSVCRT:tncleanup.obj
 0002:000002dc       ?ThreadDetach@NativeDll@<CrtImplementationDetails>@@0IB 00000001800052dc     MSVCRT:tncleanup.obj
 0002:000002e0       ?ProcessVerifier@NativeDll@<CrtImplementationDetails>@@0IB 00000001800052e0     MSVCRT:tncleanup.obj
 0002:00000368       __rtc_iaa                  0000000180005368     MSVCRT:_initsect_.obj
 0002:00000370       __rtc_izz                  0000000180005370     MSVCRT:_initsect_.obj
 0002:00000378       __rtc_taa                  0000000180005378     MSVCRT:_initsect_.obj
 0002:00000380       __rtc_tzz                  0000000180005380     MSVCRT:_initsect_.obj
 0002:00000568       __IMPORT_DESCRIPTOR_libmx  0000000180005568     libmx:libmx.dll
 0002:0000057c       __IMPORT_DESCRIPTOR_libmex 000000018000557c     libmex:libmex.dll
 0002:00000590       __IMPORT_DESCRIPTOR_libemlrt 0000000180005590     libemlrt:libemlrt.dll
 0002:000005a4       __IMPORT_DESCRIPTOR_libmwmathutil 00000001800055a4     libmwmathutil:libmwmathutil.dll
 0002:000005b8       __IMPORT_DESCRIPTOR_MSVCR100 00000001800055b8     MSVCRT:MSVCR100.dll
 0002:000005cc       __IMPORT_DESCRIPTOR_KERNEL32 00000001800055cc     kernel32:KERNEL32.dll
 0002:000005e0       __NULL_IMPORT_DESCRIPTOR   00000001800055e0     libmx:libmx.dll
 0003:00000068       d_emlrtRSI                 0000000180006068     matdiff_data.obj
 0003:00000088       s_emlrtRSI                 0000000180006088     matdiff_data.obj
 0003:00000138       v_emlrtRSI                 0000000180006138     matdiff_data.obj
 0003:00000158       emlrtMCI                   0000000180006158     matdiff_data.obj
 0003:00000208       h_emlrtMCI                 0000000180006208     matdiff_data.obj
 0003:00000228       i_emlrtMCI                 0000000180006228     matdiff_data.obj
 0003:000002d8       j_emlrtMCI                 00000001800062d8     matdiff_data.obj
 0003:000002f8       k_emlrtMCI                 00000001800062f8     matdiff_data.obj
 0003:00002580       emlrtContextGlobal         0000000180008580     matdiff_mex.obj
 0003:00002670       __security_cookie          0000000180008670     MSVCRT:gs_cookie.obj
 0003:00002678       __security_cookie_complement 0000000180008678     MSVCRT:gs_cookie.obj
 0003:00002680       _fltused                   0000000180008680     MSVCRT:dllsupp.obj
 0003:00002690       __native_dllmain_reason    0000000180008690     MSVCRT:natstart.obj
 0003:00002694       __native_vcclrit_reason    0000000180008694     MSVCRT:natstart.obj
 0003:00002c40       ?__type_info_root_node@@3U__type_info_node@@A 0000000180008c40     MSVCRT:tncleanup.obj
 0003:00002c50       matdiffStackDataLocal      0000000180008c50     <common>
 0003:00002c58       __native_startup_state     0000000180008c58     <common>
 0003:00002c60       __native_startup_lock      0000000180008c60     <common>
 0003:00002c68       __onexitend                0000000180008c68     <common>
 0003:00002c70       __onexitbegin              0000000180008c70     <common>
 0003:00002c78       __dyn_tls_init_callback    0000000180008c78     <common>

 entry point at        0001:000037d4

 Static symbols

 0001:00000e40       emlrt_marshallOut          0000000180001e40 f   find.obj
 0001:00002840       eml_error                  0000000180003840 f   intersect.obj
 0001:00002940       message                    0000000180003940 f   intersect.obj
 0001:000029a0       relop_rows                 00000001800039a0 f   intersect.obj
 0001:00002d50       b_emlrt_marshallOut        0000000180003d50 f   matdiff_api.obj
 0001:00002e10       c_emlrt_marshallIn         0000000180003e10 f   matdiff_api.obj
 0001:00002e80       d_emlrt_marshallIn         0000000180003e80 f   matdiff_api.obj
 0001:00002ed0       emlrt_marshallIn           0000000180003ed0 f   matdiff_api.obj
 0001:00002f40       b_emlrt_marshallIn         0000000180003f40 f   matdiff_api.obj
 0001:00002f90       e_emlrt_marshallIn         0000000180003f90 f   matdiff_api.obj
 0001:00003050       f_emlrt_marshallIn         0000000180004050 f   matdiff_api.obj
 0001:00003170       matdiff_mexFunction        0000000180004170 f   matdiff_mex.obj
 0001:000033dc       pre_c_init                 00000001800043dc f   MSVCRT:crtdll.obj
 0001:00003698       __DllMainCRTStartup        0000000180004698 f   MSVCRT:crtdll.obj
 0001:00003d00       __DllMainCRTStartup$filt$0 0000000180004d00 f   MSVCRT:crtdll.obj
 0001:00003d30       __DllMainCRTStartup$fin$1  0000000180004d30 f   MSVCRT:crtdll.obj
 0001:00003d4a       _onexit$fin$0              0000000180004d4a f   MSVCRT:atonexit.obj
 0001:00003d70       _IsNonwritableInCurrentImage$filt$0 0000000180004d70 f   MSVCRT:pesect.obj
